Reusing configuration cache.
> Task :stately:kmpPartiallyResolvedDependenciesChecker
> Task :kotlinWasmKotlinNpmCachesSetup
> Task :stately:wasmJsTestProcessResources NO-SOURCE
> Task :stately:wasmJsProcessResources NO-SOURCE
> Task :stately:jvmProcessResources NO-SOURCE
> Task :stately:jvmTestProcessResources NO-SOURCE
> Task :kotlinWasmRestoreYarnLock UP-TO-DATE
> Task :stately:checkKotlinGradlePluginConfigurationErrors SKIPPED
> Task :stately:processJvmMainResources SKIPPED
> Task :stately:processJvmTestResources SKIPPED
> Task :stately:wasmJsPackageJson UP-TO-DATE
> Task :stately:wasmJsTestPackageJson UP-TO-DATE
> Task :stately:wasmJsPublicPackageJson UP-TO-DATE
> Task :stately:wasmJsTestPublicPackageJson UP-TO-DATE
> Task :aria:wasmJsPackageJson UP-TO-DATE
> Task :aria:wasmJsTestPackageJson UP-TO-DATE
> Task :aria:wasmJsPublicPackageJson UP-TO-DATE
> Task :aria:wasmJsTestPublicPackageJson UP-TO-DATE
> Task :kotlinWasmNodeJsSetup UP-TO-DATE
> Task :components:wasmJsPackageJson UP-TO-DATE
> Task :components:wasmJsTestPackageJson UP-TO-DATE
> Task :stately:kotlinWasmNodeJsSetup UP-TO-DATE
> Task :components:wasmJsPublicPackageJson UP-TO-DATE
> Task :components:wasmJsTestPublicPackageJson UP-TO-DATE
> Task :kotlinWasmYarnSetup UP-TO-DATE
> Task :kotlinWasmPackageJsonUmbrella UP-TO-DATE
> Task :wasmRootPackageJson UP-TO-DATE
> Task :kotlinWasmNpmInstall UP-TO-DATE
> Task :kotlinWasmStoreYarnLock UP-TO-DATE
> Task :stately:compileKotlinWasmJs
> Task :stately:wasmJsMainClasses
> Task :kotlinWasmToolingSetup UP-TO-DATE
> Task :stately:compileKotlinJvm
> Task :stately:compileJvmMainJava NO-SOURCE
> Task :stately:jvmMainClasses
> Task :stately:jvmJar
> Task :stately:compileTestKotlinWasmJs
> Task :stately:wasmJsTestClasses
> Task :stately:compileTestKotlinJvm
> Task :stately:compileJvmTestJava NO-SOURCE
> Task :stately:jvmTestClasses
> Task :stately:jvmTest
> Task :stately:compileTestDevelopmentExecutableKotlinWasmJs
> Task :stately:wasmJsTestTestDevelopmentExecutableCompileSync
> Task :stately:wasmJsNodeTest
> Task :stately:wasmJsTest

BUILD SUCCESSFUL in 7s
32 actionable tasks: 12 executed, 20 up-to-date
Configuration cache entry reused.
EXIT=0
