Calculating task graph as no cached configuration is available for tasks: :aria:jvmTest
> Task :aria:generateExpectResourceCollectorsForCommonMain SKIPPED
> Task :aria:generateComposeResClass SKIPPED
> Task :stately:jvmProcessResources NO-SOURCE
> Task :stately:processJvmMainResources SKIPPED
> Task :aria:convertXmlValueResourcesForJvmTest NO-SOURCE
> Task :aria:convertXmlValueResourcesForCommonTest NO-SOURCE
> Task :aria:kmpPartiallyResolvedDependenciesChecker
> Task :stately:kmpPartiallyResolvedDependenciesChecker
> Task :aria:checkKotlinGradlePluginConfigurationErrors SKIPPED
> Task :aria:convertXmlValueResourcesForCommonMain NO-SOURCE
> Task :stately:checkKotlinGradlePluginConfigurationErrors SKIPPED
> Task :aria:copyNonXmlValueResourcesForCommonMain NO-SOURCE
> Task :aria:copyNonXmlValueResourcesForJvmMain NO-SOURCE
> Task :aria:copyNonXmlValueResourcesForCommonTest NO-SOURCE
> Task :aria:copyNonXmlValueResourcesForJvmTest NO-SOURCE
> Task :aria:convertXmlValueResourcesForJvmMain NO-SOURCE
> Task :aria:checkJvmMainComposeLibrariesCompatibility
> Task :aria:checkJvmTestComposeLibrariesCompatibility
> Task :aria:prepareComposeResourcesTaskForCommonTest NO-SOURCE
> Task :aria:prepareComposeResourcesTaskForJvmMain NO-SOURCE
> Task :aria:prepareComposeResourcesTaskForJvmTest NO-SOURCE
> Task :aria:prepareComposeResourcesTaskForCommonMain NO-SOURCE
> Task :aria:generateResourceAccessorsForCommonTest SKIPPED
> Task :aria:generateResourceAccessorsForJvmTest SKIPPED
> Task :aria:generateResourceAccessorsForJvmMain SKIPPED
> Task :aria:generateResourceAccessorsForCommonMain SKIPPED
> Task :aria:generateActualResourceCollectorsForJvmMain SKIPPED
> Task :aria:assembleJvmTestResources
> Task :aria:assembleJvmMainResources
> Task :stately:compileKotlinJvm UP-TO-DATE
> Task :stately:compileJvmMainJava NO-SOURCE
> Task :stately:jvmMainClasses UP-TO-DATE
> Task :stately:jvmJar UP-TO-DATE
> Task :aria:jvmProcessResources
> Task :aria:jvmTestProcessResources
> Task :aria:processJvmMainResources SKIPPED
> Task :aria:processJvmTestResources SKIPPED
> Task :aria:compileKotlinJvm
> Task :aria:compileJvmMainJava NO-SOURCE
> Task :aria:jvmMainClasses
> Task :aria:jvmJar

> Task :aria:compileTestKotlinJvm
w: file:///var/home/oxzo/coding/kmp-aria/aria/src/commonTest/kotlin/dev/oxzo/aria/ButtonTest.kt:30:35 'fun runComposeUiTest(effectContext: CoroutineContext = ..., runTestContext: CoroutineContext = ..., testTimeout: Duration = ..., block: suspend ComposeUiTest.() -> Unit): Unit' is deprecated. Use `androidx.compose.ui.test.v2.runComposeUiTest` instead. The v2 APIs use `StandardTestDispatcher` by default to better simulate production behavior where coroutines are queued rather than executed immediately.
w: file:///var/home/oxzo/coding/kmp-aria/aria/src/commonTest/kotlin/dev/oxzo/aria/ButtonTest.kt:38:35 'fun runComposeUiTest(effectContext: CoroutineContext = ..., runTestContext: CoroutineContext = ..., testTimeout: Duration = ..., block: suspend ComposeUiTest.() -> Unit): Unit' is deprecated. Use `androidx.compose.ui.test.v2.runComposeUiTest` instead. The v2 APIs use `StandardTestDispatcher` by default to better simulate production behavior where coroutines are queued rather than executed immediately.
w: file:///var/home/oxzo/coding/kmp-aria/aria/src/commonTest/kotlin/dev/oxzo/aria/ButtonTest.kt:48:34 'fun runComposeUiTest(effectContext: CoroutineContext = ..., runTestContext: CoroutineContext = ..., testTimeout: Duration = ..., block: suspend ComposeUiTest.() -> Unit): Unit' is deprecated. Use `androidx.compose.ui.test.v2.runComposeUiTest` instead. The v2 APIs use `StandardTestDispatcher` by default to better simulate production behavior where coroutines are queued rather than executed immediately.
w: file:///var/home/oxzo/coding/kmp-aria/aria/src/commonTest/kotlin/dev/oxzo/aria/ToggleButtonTest.kt:32:33 'fun runComposeUiTest(effectContext: CoroutineContext = ..., runTestContext: CoroutineContext = ..., testTimeout: Duration = ..., block: suspend ComposeUiTest.() -> Unit): Unit' is deprecated. Use `androidx.compose.ui.test.v2.runComposeUiTest` instead. The v2 APIs use `StandardTestDispatcher` by default to better simulate production behavior where coroutines are queued rather than executed immediately.
w: file:///var/home/oxzo/coding/kmp-aria/aria/src/commonTest/kotlin/dev/oxzo/aria/ToggleButtonTest.kt:42:33 'fun runComposeUiTest(effectContext: CoroutineContext = ..., runTestContext: CoroutineContext = ..., testTimeout: Duration = ..., block: suspend ComposeUiTest.() -> Unit): Unit' is deprecated. Use `androidx.compose.ui.test.v2.runComposeUiTest` instead. The v2 APIs use `StandardTestDispatcher` by default to better simulate production behavior where coroutines are queued rather than executed immediately.
w: file:///var/home/oxzo/coding/kmp-aria/aria/src/commonTest/kotlin/dev/oxzo/aria/ToggleButtonTest.kt:52:32 'fun runComposeUiTest(effectContext: CoroutineContext = ..., runTestContext: CoroutineContext = ..., testTimeout: Duration = ..., block: suspend ComposeUiTest.() -> Unit): Unit' is deprecated. Use `androidx.compose.ui.test.v2.runComposeUiTest` instead. The v2 APIs use `StandardTestDispatcher` by default to better simulate production behavior where coroutines are queued rather than executed immediately.

> Task :aria:compileJvmTestJava NO-SOURCE
> Task :aria:jvmTestClasses
> Task :aria:jvmTest

[Incubating] Problems report is available at: file:///var/home/oxzo/coding/kmp-aria/build/reports/problems/problems-report.html

BUILD SUCCESSFUL in 14s
14 actionable tasks: 12 executed, 2 up-to-date
Configuration cache entry stored.
EXIT=0
