Reusing configuration cache.
> Task :aria:generateComposeResClass SKIPPED
> Task :aria:generateExpectResourceCollectorsForCommonMain SKIPPED
> Task :aria:convertXmlValueResourcesForCommonTest NO-SOURCE
> Task :aria:convertXmlValueResourcesForJvmTest NO-SOURCE
> Task :stately:jvmProcessResources NO-SOURCE
> Task :aria:convertXmlValueResourcesForCommonMain NO-SOURCE
> Task :aria:copyNonXmlValueResourcesForCommonTest NO-SOURCE
> Task :aria:copyNonXmlValueResourcesForJvmMain NO-SOURCE
> Task :aria:copyNonXmlValueResourcesForJvmTest NO-SOURCE
> Task :aria:copyNonXmlValueResourcesForCommonMain NO-SOURCE
> Task :stately:processJvmMainResources SKIPPED
> Task :aria:convertXmlValueResourcesForJvmMain NO-SOURCE
> Task :aria:prepareComposeResourcesTaskForCommonTest NO-SOURCE
> Task :aria:prepareComposeResourcesTaskForJvmTest NO-SOURCE
> Task :aria:prepareComposeResourcesTaskForCommonMain NO-SOURCE
> Task :aria:checkJvmMainComposeLibrariesCompatibility
> Task :aria:prepareComposeResourcesTaskForJvmMain NO-SOURCE
> Task :aria:generateResourceAccessorsForCommonMain SKIPPED
> Task :aria:generateResourceAccessorsForJvmTest SKIPPED
> Task :stately:kmpPartiallyResolvedDependenciesChecker
> Task :aria:generateResourceAccessorsForJvmMain SKIPPED
> Task :aria:kmpPartiallyResolvedDependenciesChecker
> Task :aria:checkJvmTestComposeLibrariesCompatibility
> Task :stately:checkKotlinGradlePluginConfigurationErrors SKIPPED
> Task :aria:generateActualResourceCollectorsForJvmMain SKIPPED
> Task :aria:checkKotlinGradlePluginConfigurationErrors SKIPPED
> Task :aria:generateResourceAccessorsForCommonTest SKIPPED
> Task :aria:assembleJvmMainResources UP-TO-DATE
> Task :aria:assembleJvmTestResources UP-TO-DATE
> Task :aria:jvmTestProcessResources UP-TO-DATE
> Task :aria:jvmProcessResources UP-TO-DATE
> Task :aria:processJvmTestResources SKIPPED
> Task :aria:processJvmMainResources SKIPPED
> Task :stately:compileKotlinJvm UP-TO-DATE
> Task :stately:compileJvmMainJava NO-SOURCE
> Task :stately:jvmMainClasses UP-TO-DATE
> Task :stately:jvmJar UP-TO-DATE
> Task :aria:compileKotlinJvm UP-TO-DATE
> Task :aria:compileJvmMainJava NO-SOURCE
> Task :aria:jvmMainClasses UP-TO-DATE
> Task :aria:jvmJar UP-TO-DATE
> Task :aria:compileTestKotlinJvm
> Task :aria:compileJvmTestJava NO-SOURCE
> Task :aria:jvmTestClasses
> Task :aria:jvmTest

BUILD SUCCESSFUL in 1s
14 actionable tasks: 6 executed, 8 up-to-date
Configuration cache entry reused.
EXIT=0
